­
'
-
–
—
 
 
!
"
#
$
%
&
(
)
*
,
.
/
:
;
?
@
[
\
]
^
_
`
{
|
}
~
¡
¦
¨
¯
´
¸
¿
˜
‘
’
‚
“
”
„
‹
›
¢
£
¤
¥
€
+
<
=
>
±
«
»
×
÷
§
©
¬
®
°
µ
¶
·
…
†
‡
•
‰





0
¼
½
¾
1
¹
2
²
3
³
4
5
6
7
8
9
a
a'
a-
a–
a—
A
A'
A-
A–
A—
ª
á
Á
à
À
â
Â
ä
Ä
ã
Ã
å
Å
a 
A 
a 
A 
a!
A!
a"
A"
a#
A#
a$
A$
a%
A%
a&
A&
a(
A(
a)
A)
a*
A*
a,
A,
a.
A.
a/
A/
a:
A:
a;
A;
a?
A?
a@
A@
a[
A[
a\
A\
a]
A]
a^
A^
a_
A_
a`
A`
a{
A{
a|
A|
a}
A}
a~
A~
a¡
A¡
a¦
A¦
a¨
A¨
a¯
A¯
a´
A´
a¸
A¸
a¿
A¿
a˜
A˜
a‘
A‘
a’
A’
a‚
A‚
a“
A“
a”
A”
a„
A„
a‹
A‹
a›
A›
a¢
A¢
a£
A£
a¤
A¤
a¥
A¥
a€
A€
a+
A+
a<
A<
a=
A=
a>
A>
a±
A±
a«
A«
a»
A»
a×
A×
a÷
A÷
a§
A§
a©
A©
a¬
A¬
a®
A®
a°
A°
aµ
Aµ
a¶
A¶
a·
A·
a…
A…
a†
A†
a‡
A‡
a•
A•
a‰
A‰
a
A
a
A
a
A
a
A
a
A
a0
A0
a¼
A¼
a½
A½
a¾
A¾
a1
a¹
A1
A¹
a2
a²
A2
A²
a3
a³
A3
A³
a4
A4
a5
A5
a6
A6
a7
A7
a8
A8
a9
A9
aa
aA
Aa
AA
aª
Aª
aá
aÁ
Aá
AÁ
aà
aÀ
Aà
AÀ
aâ
aÂ
Aâ
AÂ
aä
aÄ
Aä
AÄ
aã
aÃ
Aã
AÃ
aå
aÅ
Aå
AÅ
AAA
AAAA
AAAAA
AAAAAA
AAAAAAA
AAAAAAAA
AAAAAAAAA
AAAAAAAAAA
AAAAAAAAAAA
AAAAAAAAAAAA
AAAAAAAAAAAAA
AAAAAAAAAAAAAA
AAAAAAAAAAAAAAA
aæ
aÆ
Aæ
AÆ
ab
aB
Ab
AB
ac
aC
Ac
AC
aç
aÇ
Aç
AÇ
ad
aD
Ad
AD
að
aÐ
Að
AÐ
æ
aE
Ae
Æ
aé
aÉ
Aé
AÉ
aè
aÈ
Aè
AÈ
aê
aÊ
Aê
AÊ
aë
aË
Aë
AË
af
aF
Af
AF
aƒ
Aƒ
ag
aG
Ag
AG
ah
aH
Ah
AH
ai
aI
Ai
AI
aí
aÍ
Aí
AÍ
aì
aÌ
Aì
AÌ
aî
aÎ
Aî
AÎ
aï
aÏ
Aï
AÏ
aj
aJ
Aj
AJ
ak
aK
Ak
AK
al
aL
Al
AL
am
aM
Am
AM
an
aN
An
AN
añ
aÑ
Añ
AÑ
ao
aO
Ao
AO
aº
Aº
aó
aÓ
Aó
AÓ
aò
aÒ
Aò
AÒ
aô
aÔ
Aô
AÔ
aö
aÖ
Aö
AÖ
aõ
aÕ
Aõ
AÕ
aø
aØ
Aø
AØ
aœ
aŒ
Aœ
AŒ
ap
aP
Ap
AP
aq
aQ
Aq
AQ
ar
aR
Ar
AR
as
aS
As
AS
aš
aŠ
Aš
AŠ
aß
Aß
at
aT
At
AT
aþ
aÞ
Aþ
AÞ
a™
A™
au
aU
Au
AU
aú
aÚ
Aú
AÚ
aù
aÙ
Aù
AÙ
aû
aÛ
Aû
AÛ
aü
aÜ
Aü
AÜ
av
aV
Av
AV
aw
aW
Aw
AW
ax
aX
Ax
AX
ay
aY
Ay
AY
aý
aÝ
Aý
AÝ
aÿ
aŸ
Aÿ
AŸ
az
aZ
Az
AZ
až
aŽ
Až
AŽ
b
b'
b-
b–
b—
B
B'
B-
B–
B—
b 
B 
b 
B 
b!
B!
b"
B"
b#
B#
b$
B$
b%
B%
b&
B&
b(
B(
b)
B)
b*
B*
b,
B,
b.
B.
b/
B/
b:
B:
b;
B;
b?
B?
b@
B@
b[
B[
b\
B\
b]
B]
b^
B^
b_
B_
b`
B`
b{
B{
b|
B|
b}
B}
b~
B~
b¡
B¡
b¦
B¦
b¨
B¨
b¯
B¯
b´
B´
b¸
B¸
b¿
B¿
b˜
B˜
b‘
B‘
b’
B’
b‚
B‚
b“
B“
b”
B”
b„
B„
b‹
B‹
b›
B›
b¢
B¢
b£
B£
b¤
B¤
b¥
B¥
b€
B€
b+
B+
b<
B<
b=
B=
b>
B>
b±
B±
b«
B«
b»
B»
b×
B×
b÷
B÷
b§
B§
b©
B©
b¬
B¬
b®
B®
b°
B°
bµ
Bµ
b¶
B¶
b·
B·
b…
B…
b†
B†
b‡
B‡
b•
B•
b‰
B‰
b
B
b
B
b
B
b
B
b
B
b0
B0
b¼
B¼
b½
B½
b¾
B¾
b1
b¹
B1
B¹
b2
b²
B2
B²
b3
b³
B3
B³
b4
B4
b5
B5
b6
B6
b7
B7
b8
B8
b9
B9
ba
bA
Ba
BA
bª
Bª
bá
bÁ
Bá
BÁ
bà
bÀ
Bà
BÀ
bâ
bÂ
Bâ
BÂ
bä
bÄ
Bä
BÄ
bã
bÃ
Bã
BÃ
bå
bÅ
Bå
BÅ
bæ
bÆ
Bæ
BÆ
bb
bB
Bb
BB
bc
bC
Bc
BC
bç
bÇ
Bç
BÇ
bd
bD
Bd
BD
bð
bÐ
Bð
BÐ
be
bE
Be
BE
bé
bÉ
Bé
BÉ
bè
bÈ
Bè
BÈ
bê
bÊ
Bê
BÊ
bë
bË
Bë
BË
bf
bF
Bf
BF
bƒ
Bƒ
bg
bG
Bg
BG
bh
bH
Bh
BH
bi
bI
Bi
BI
bí
bÍ
Bí
BÍ
bì
bÌ
Bì
BÌ
bî
bÎ
Bî
BÎ
bï
bÏ
Bï
BÏ
bj
bJ
Bj
BJ
bk
bK
Bk
BK
bl
bL
Bl
BL
bm
bM
Bm
BM
bn
bN
Bn
BN
bñ
bÑ
Bñ
BÑ
bo
bO
Bo
BO
bº
Bº
bó
bÓ
Bó
BÓ
bò
bÒ
Bò
BÒ
bô
bÔ
Bô
BÔ
bö
bÖ
Bö
BÖ
bõ
bÕ
Bõ
BÕ
bø
bØ
Bø
BØ
bœ
bŒ
Bœ
BŒ
bp
bP
Bp
BP
bq
bQ
Bq
BQ
br
bR
Br
BR
bs
bS
Bs
BS
bš
bŠ
Bš
BŠ
bß
Bß
bt
bT
Bt
BT
bþ
bÞ
Bþ
BÞ
b™
B™
bu
bU
Bu
BU
bú
bÚ
Bú
BÚ
bù
bÙ
Bù
BÙ
bû
bÛ
Bû
BÛ
bü
bÜ
Bü
BÜ
bv
bV
Bv
BV
bw
bW
Bw
BW
bx
bX
Bx
BX
by
bY
By
BY
bý
bÝ
Bý
BÝ
bÿ
bŸ
Bÿ
BŸ
bz
bZ
Bz
BZ
bž
bŽ
Bž
BŽ
c
c'
c-
c–
c—
C
C'
C-
C–
C—
ç
Ç
c 
C 
c 
C 
c!
C!
c"
C"
c#
C#
c$
C$
c%
C%
c&
C&
c(
C(
c)
C)
c*
C*
c,
C,
c.
C.
c/
C/
c:
C:
c;
C;
c?
C?
c@
C@
c[
C[
c\
C\
c]
C]
c^
C^
c_
C_
c`
C`
c{
C{
c|
C|
c}
C}
c~
C~
c¡
C¡
c¦
C¦
c¨
C¨
c¯
C¯
c´
C´
c¸
C¸
c¿
C¿
c˜
C˜
c‘
C‘
c’
C’
c‚
C‚
c“
C“
c”
C”
c„
C„
c‹
C‹
c›
C›
c¢
C¢
c£
C£
c¤
C¤
c¥
C¥
c€
C€
c+
C+
c<
C<
c=
C=
c>
C>
c±
C±
c«
C«
c»
C»
c×
C×
c÷
C÷
c§
C§
c©
C©
c¬
C¬
c®
C®
c°
C°
cµ
Cµ
c¶
C¶
c·
C·
c…
C…
c†
C†
c‡
C‡
c•
C•
c‰
C‰
c
C
c
C
c
C
c
C
c
C
c0
C0
c¼
C¼
c½
C½
c¾
C¾
c1
c¹
C1
C¹
c2
c²
C2
C²
c3
c³
C3
C³
c4
C4
c5
C5
c6
C6
c7
C7
c8
C8
c9
C9
ca
cA
Ca
CA
cª
Cª
cá
cÁ
Cá
CÁ
cà
cÀ
Cà
CÀ
câ
cÂ
Câ
CÂ
cä
cÄ
Cä
CÄ
cã
cÃ
Cã
CÃ
cå
cÅ
Cå
CÅ
cæ
cÆ
Cæ
CÆ
cb
cB
Cb
CB
cc
cC
Cc
CC
cç
cÇ
Cç
CÇ
cd
cD
Cd
CD
cð
cÐ
Cð
CÐ
ce
cE
Ce
CE
cé
cÉ
Cé
CÉ
cè
cÈ
Cè
CÈ
cê
cÊ
Cê
CÊ
cë
cË
Cë
CË
cf
cF
Cf
CF
cƒ
Cƒ
cg
cG
Cg
CG
ch
cH
Ch
CH
ci
cI
Ci
CI
cí
cÍ
Cí
CÍ
cì
cÌ
Cì
CÌ
cî
cÎ
Cî
CÎ
cï
cÏ
Cï
CÏ
cj
cJ
Cj
CJ
ck
cK
Ck
CK
cl
cL
Cl
CL
cm
cM
Cm
CM
cn
cN
Cn
CN
cñ
cÑ
Cñ
CÑ
co
cO
Co
CO
cº
Cº
có
cÓ
Có
CÓ
cò
cÒ
Cò
CÒ
cô
cÔ
Cô
CÔ
cö
cÖ
Cö
CÖ
cõ
cÕ
Cõ
CÕ
cø
cØ
Cø
CØ
cœ
cŒ
Cœ
CŒ
cp
cP
Cp
CP
cq
cQ
Cq
CQ
cr
cR
Cr
CR
cs
cS
Cs
CS
cš
cŠ
Cš
CŠ
cß
Cß
ct
cT
Ct
CT
cþ
cÞ
Cþ
CÞ
c™
C™
cu
cU
Cu
CU
cú
cÚ
Cú
CÚ
cù
cÙ
Cù
CÙ
cû
cÛ
Cû
CÛ
cü
cÜ
Cü
CÜ
cv
cV
Cv
CV
cw
cW
Cw
CW
cx
cX
Cx
CX
cy
cY
Cy
CY
cý
cÝ
Cý
CÝ
cÿ
cŸ
Cÿ
CŸ
cz
cZ
Cz
CZ
cž
cŽ
Cž
CŽ
d
d'
d-
d–
d—
D
D'
D-
D–
D—
ð
Ð
d 
D 
d 
D 
d!
D!
d"
D"
d#
D#
d$
D$
d%
D%
d&
D&
d(
D(
d)
D)
d*
D*
d,
D,
d.
D.
d/
D/
d:
D:
d;
D;
d?
D?
d@
D@
d[
D[
d\
D\
d]
D]
d^
D^
d_
D_
d`
D`
d{
D{
d|
D|
d}
D}
d~
D~
d¡
D¡
d¦
D¦
d¨
D¨
d¯
D¯
d´
D´
d¸
D¸
d¿
D¿
d˜
D˜
d‘
D‘
d’
D’
d‚
D‚
d“
D“
d”
D”
d„
D„
d‹
D‹
d›
D›
d¢
D¢
d£
D£
d¤
D¤
d¥
D¥
d€
D€
d+
D+
d<
D<
d=
D=
d>
D>
d±
D±
d«
D«
d»
D»
d×
D×
d÷
D÷
d§
D§
d©
D©
d¬
D¬
d®
D®
d°
D°
dµ
Dµ
d¶
D¶
d·
D·
d…
D…
d†
D†
d‡
D‡
d•
D•
d‰
D‰
d
D
d
D
d
D
d
D
d
D
d0
D0
d¼
D¼
d½
D½
d¾
D¾
d1
d¹
D1
D¹
d2
d²
D2
D²
d3
d³
D3
D³
d4
D4
d5
D5
d6
D6
d7
D7
d8
D8
d9
D9
da
dA
Da
DA
dª
Dª
dá
dÁ
Dá
DÁ
dà
dÀ
Dà
DÀ
dâ
dÂ
Dâ
DÂ
dä
dÄ
Dä
DÄ
dã
dÃ
Dã
DÃ
då
dÅ
Då
DÅ
dæ
dÆ
Dæ
DÆ
db
dB
Db
DB
dc
dC
Dc
DC
dç
dÇ
Dç
DÇ
dd
dD
Dd
DD
dð
dÐ
Dð
DÐ
de
dE
De
DE
dé
dÉ
Dé
DÉ
dè
dÈ
Dè
DÈ
dê
dÊ
Dê
DÊ
dë
dË
Dë
DË
df
dF
Df
DF
dƒ
Dƒ
dg
dG
Dg
DG
dh
dH
Dh
DH
di
dI
Di
DI
dí
dÍ
Dí
DÍ
dì
dÌ
Dì
DÌ
dî
dÎ
Dî
DÎ
dï
dÏ
Dï
DÏ
dj
dJ
Dj
DJ
dk
dK
Dk
DK
dl
dL
Dl
DL
dm
dM
Dm
DM
dn
dN
Dn
DN
dñ
dÑ
Dñ
DÑ
do
dO
Do
DO
dº
Dº
dó
dÓ
Dó
DÓ
dò
dÒ
Dò
DÒ
dô
dÔ
Dô
DÔ
dö
dÖ
Dö
DÖ
dõ
dÕ
Dõ
DÕ
dø
dØ
Dø
DØ
dœ
dŒ
Dœ
DŒ
dp
dP
Dp
DP
dq
dQ
Dq
DQ
dr
dR
Dr
DR
ds
dS
Ds
DS
dš
dŠ
Dš
DŠ
dß
Dß
dt
dT
Dt
DT
dþ
dÞ
Dþ
DÞ
d™
D™
du
dU
Du
DU
dú
dÚ
Dú
DÚ
dù
dÙ
Dù
DÙ
dû
dÛ
Dû
DÛ
dü
dÜ
Dü
DÜ
dv
dV
Dv
DV
dw
dW
Dw
DW
dx
dX
Dx
DX
dy
dY
Dy
DY
dý
dÝ
Dý
DÝ
dÿ
dŸ
Dÿ
DŸ
dz
dZ
Dz
DZ
dž
dŽ
Dž
DŽ
e
e'
e-
e–
e—
E
E'
E-
E–
E—
é
É
è
È
ê
Ê
ë
Ë
e 
E 
e 
E 
e!
E!
e"
E"
e#
E#
e$
E$
e%
E%
e&
E&
e(
E(
e)
E)
e*
E*
e,
E,
e.
E.
e/
E/
e:
E:
e;
E;
e?
E?
e@
E@
e[
E[
e\
E\
e]
E]
e^
E^
e_
E_
e`
E`
e{
E{
e|
E|
e}
E}
e~
E~
e¡
E¡
e¦
E¦
e¨
E¨
e¯
E¯
e´
E´
e¸
E¸
e¿
E¿
e˜
E˜
e‘
E‘
e’
E’
e‚
E‚
e“
E“
e”
E”
e„
E„
e‹
E‹
e›
E›
e¢
E¢
e£
E£
e¤
E¤
e¥
E¥
e€
E€
e+
E+
e<
E<
e=
E=
e>
E>
e±
E±
e«
E«
e»
E»
e×
E×
e÷
E÷
e§
E§
e©
E©
e¬
E¬
e®
E®
e°
E°
eµ
Eµ
e¶
E¶
e·
E·
e…
E…
e†
E†
e‡
E‡
e•
E•
e‰
E‰
e
E
e
E
e
E
e
E
e
E
e0
E0
e¼
E¼
e½
E½
e¾
E¾
e1
e¹
E1
E¹
e2
e²
E2
E²
e3
e³
E3
E³
e4
E4
e5
E5
e6
E6
e7
E7
e8
E8
e9
E9
ea
eA
Ea
EA
eª
Eª
eá
eÁ
Eá
EÁ
eà
eÀ
Eà
EÀ
eâ
eÂ
Eâ
EÂ
eä
eÄ
Eä
EÄ
eã
eÃ
Eã
EÃ
eå
eÅ
Eå
EÅ
eæ
eÆ
Eæ
EÆ
eb
eB
Eb
EB
ec
eC
Ec
EC
eç
eÇ
Eç
EÇ
ed
eD
Ed
ED
eð
eÐ
Eð
EÐ
ee
eE
Ee
EE
eé
eÉ
Eé
EÉ
eè
eÈ
Eè
EÈ
eê
eÊ
Eê
EÊ
eë
eË
Eë
EË
ef
eF
Ef
EF
eƒ
Eƒ
eg
eG
Eg
EG
eh
eH
Eh
EH
ei
eI
Ei
EI
eí
eÍ
Eí
EÍ
eì
eÌ
Eì
EÌ
eî
eÎ
Eî
EÎ
eï
eÏ
Eï
EÏ
ej
eJ
Ej
EJ
ek
eK
Ek
EK
el
eL
El
EL
em
eM
Em
EM
en
eN
En
EN
eñ
eÑ
Eñ
EÑ
eo
eO
Eo
EO
eº
Eº
eó
eÓ
Eó
EÓ
eò
eÒ
Eò
EÒ
eô
eÔ
Eô
EÔ
eö
eÖ
Eö
EÖ
eõ
eÕ
Eõ
EÕ
eø
eØ
Eø
EØ
eœ
eŒ
Eœ
EŒ
ep
eP
Ep
EP
eq
eQ
Eq
EQ
er
eR
Er
ER
es
eS
Es
ES
eš
eŠ
Eš
EŠ
eß
Eß
et
eT
Et
ET
eþ
eÞ
Eþ
EÞ
e™
E™
eu
eU
Eu
EU
eú
eÚ
Eú
EÚ
eù
eÙ
Eù
EÙ
eû
eÛ
Eû
EÛ
eü
eÜ
Eü
EÜ
ev
eV
Ev
EV
ew
eW
Ew
EW
ex
eX
Ex
EX
ey
eY
Ey
EY
eý
eÝ
Eý
EÝ
eÿ
eŸ
Eÿ
EŸ
ez
eZ
Ez
EZ
ež
eŽ
Ež
EŽ
f
f'
f-
f–
f—
F
F'
F-
F–
F—
ƒ
f 
F 
f 
F 
f!
F!
f"
F"
f#
F#
f$
F$
f%
F%
f&
F&
f(
F(
f)
F)
f*
F*
f,
F,
f.
F.
f/
F/
f:
F:
f;
F;
f?
F?
f@
F@
f[
F[
f\
F\
f]
F]
f^
F^
f_
F_
f`
F`
f{
F{
f|
F|
f}
F}
f~
F~
f¡
F¡
f¦
F¦
f¨
F¨
f¯
F¯
f´
F´
f¸
F¸
f¿
F¿
f˜
F˜
f‘
F‘
f’
F’
f‚
F‚
f“
F“
f”
F”
f„
F„
f‹
F‹
f›
F›
f¢
F¢
f£
F£
f¤
F¤
f¥
F¥
f€
F€
f+
F+
f<
F<
f=
F=
f>
F>
f±
F±
f«
F«
f»
F»
f×
F×
f÷
F÷
f§
F§
f©
F©
f¬
F¬
f®
F®
f°
F°
fµ
Fµ
f¶
F¶
f·
F·
f…
F…
f†
F†
f‡
F‡
f•
F•
f‰
F‰
f
F
f
F
f
F
f
F
f
F
f0
F0
f¼
F¼
f½
F½
f¾
F¾
f1
f¹
F1
F¹
f2
f²
F2
F²
f3
f³
F3
F³
f4
F4
f5
F5
f6
F6
f7
F7
f8
F8
f9
F9
fa
fA
Fa
FA
fª
Fª
fá
fÁ
Fá
FÁ
fà
fÀ
Fà
FÀ
fâ
fÂ
Fâ
FÂ
fä
fÄ
Fä
FÄ
fã
fÃ
Fã
FÃ
få
fÅ
Få
FÅ
fæ
fÆ
Fæ
FÆ
fb
fB
Fb
FB
fc
fC
Fc
FC
fç
fÇ
Fç
FÇ
fd
fD
Fd
FD
fð
fÐ
Fð
FÐ
fe
fE
Fe
FE
fé
fÉ
Fé
FÉ
fè
fÈ
Fè
FÈ
fê
fÊ
Fê
FÊ
fë
fË
Fë
FË
ff
fF
Ff
FF
fƒ
Fƒ
fg
fG
Fg
FG
fh
fH
Fh
FH
fi
fI
Fi
FI
fí
fÍ
Fí
FÍ
fì
fÌ
Fì
FÌ
fî
fÎ
Fî
FÎ
fï
fÏ
Fï
FÏ
fj
fJ
Fj
FJ
fk
fK
Fk
FK
fl
fL
Fl
FL
fm
fM
Fm
FM
fn
fN
Fn
FN
fñ
fÑ
Fñ
FÑ
fo
fO
Fo
FO
fº
Fº
fó
fÓ
Fó
FÓ
fò
fÒ
Fò
FÒ
fô
fÔ
Fô
FÔ
fö
fÖ
Fö
FÖ
fõ
fÕ
Fõ
FÕ
fø
fØ
Fø
FØ
fœ
fŒ
Fœ
FŒ
fp
fP
Fp
FP
fq
fQ
Fq
FQ
fr
fR
Fr
FR
fs
fS
Fs
FS
fš
fŠ
Fš
FŠ
fß
Fß
ft
fT
Ft
FT
fþ
fÞ
Fþ
FÞ
f™
F™
fu
fU
Fu
FU
fú
fÚ
Fú
FÚ
fù
fÙ
Fù
FÙ
fû
fÛ
Fû
FÛ
fü
fÜ
Fü
FÜ
fv
fV
Fv
FV
fw
fW
Fw
FW
fx
fX
Fx
FX
fy
fY
Fy
FY
fý
fÝ
Fý
FÝ
fÿ
fŸ
Fÿ
FŸ
fz
fZ
Fz
FZ
fž
fŽ
Fž
FŽ
g
g'
g-
g–
g—
G
G'
G-
G–
G—
g 
G 
g 
G 
g!
G!
g"
G"
g#
G#
g$
G$
g%
G%
g&
G&
g(
G(
g)
G)
g*
G*
g,
G,
g.
G.
g/
G/
g:
G:
g;
G;
g?
G?
g@
G@
g[
G[
g\
G\
g]
G]
g^
G^
g_
G_
g`
G`
g{
G{
g|
G|
g}
G}
g~
G~
g¡
G¡
g¦
G¦
g¨
G¨
g¯
G¯
g´
G´
g¸
G¸
g¿
G¿
g˜
G˜
g‘
G‘
g’
G’
g‚
G‚
g“
G“
g”
G”
g„
G„
g‹
G‹
g›
G›
g¢
G¢
g£
G£
g¤
G¤
g¥
G¥
g€
G€
g+
G+
g<
G<
g=
G=
g>
G>
g±
G±
g«
G«
g»
G»
g×
G×
g÷
G÷
g§
G§
g©
G©
g¬
G¬
g®
G®
g°
G°
gµ
Gµ
g¶
G¶
g·
G·
g…
G…
g†
G†
g‡
G‡
g•
G•
g‰
G‰
g
G
g
G
g
G
g
G
g
G
g0
G0
g¼
G¼
g½
G½
g¾
G¾
g1
g¹
G1
G¹
g2
g²
G2
G²
g3
g³
G3
G³
g4
G4
g5
G5
g6
G6
g7
G7
g8
G8
g9
G9
ga
gA
Ga
GA
gª
Gª
gá
gÁ
Gá
GÁ
gà
gÀ
Gà
GÀ
gâ
gÂ
Gâ
GÂ
gä
gÄ
Gä
GÄ
gã
gÃ
Gã
GÃ
gå
gÅ
Gå
GÅ
gæ
gÆ
Gæ
GÆ
gb
gB
Gb
GB
gc
gC
Gc
GC
gç
gÇ
Gç
GÇ
gd
gD
Gd
GD
gð
gÐ
Gð
GÐ
ge
gE
Ge
GE
gé
gÉ
Gé
GÉ
gè
gÈ
Gè
GÈ
gê
gÊ
Gê
GÊ
gë
gË
Gë
GË
gf
gF
Gf
GF
gƒ
Gƒ
gg
gG
Gg
GG
gh
gH
Gh
GH
gi
gI
Gi
GI
gí
gÍ
Gí
GÍ
gì
gÌ
Gì
GÌ
gî
gÎ
Gî
GÎ
gï
gÏ
Gï
GÏ
gj
gJ
Gj
GJ
gk
gK
Gk
GK
gl
gL
Gl
GL
gm
gM
Gm
GM
gn
gN
Gn
GN
gñ
gÑ
Gñ
GÑ
go
gO
Go
GO
gº
Gº
gó
gÓ
Gó
GÓ
gò
gÒ
Gò
GÒ
gô
gÔ
Gô
GÔ
gö
gÖ
Gö
GÖ
gõ
gÕ
Gõ
GÕ
gø
gØ
Gø
GØ
gœ
gŒ
Gœ
GŒ
gp
gP
Gp
GP
gq
gQ
Gq
GQ
gr
gR
Gr
GR
gs
gS
Gs
GS
gš
gŠ
Gš
GŠ
gß
Gß
gt
gT
Gt
GT
gþ
gÞ
Gþ
GÞ
g™
G™
gu
gU
Gu
GU
gú
gÚ
Gú
GÚ
gù
gÙ
Gù
GÙ
gû
gÛ
Gû
GÛ
gü
gÜ
Gü
GÜ
gv
gV
Gv
GV
gw
gW
Gw
GW
gx
gX
Gx
GX
gy
gY
Gy
GY
gý
gÝ
Gý
GÝ
gÿ
gŸ
Gÿ
GŸ
gz
gZ
Gz
GZ
gž
gŽ
Gž
GŽ
h
h'
h-
h–
h—
H
H'
H-
H–
H—
h 
H 
h 
H 
h!
H!
h"
H"
h#
H#
h$
H$
h%
H%
h&
H&
h(
H(
h)
H)
h*
H*
h,
H,
h.
H.
h/
H/
h:
H:
h;
H;
h?
H?
h@
H@
h[
H[
h\
H\
h]
H]
h^
H^
h_
H_
h`
H`
h{
H{
h|
H|
h}
H}
h~
H~
h¡
H¡
h¦
H¦
h¨
H¨
h¯
H¯
h´
H´
h¸
H¸
h¿
H¿
h˜
H˜
h‘
H‘
h’
H’
h‚
H‚
h“
H“
h”
H”
h„
H„
h‹
H‹
h›
H›
h¢
H¢
h£
H£
h¤
H¤
h¥
H¥
h€
H€
h+
H+
h<
H<
h=
H=
h>
H>
h±
H±
h«
H«
h»
H»
h×
H×
h÷
H÷
h§
H§
h©
H©
h¬
H¬
h®
H®
h°
H°
hµ
Hµ
h¶
H¶
h·
H·
h…
H…
h†
H†
h‡
H‡
h•
H•
h‰
H‰
h
H
h
H
h
H
h
H
h
H
h0
H0
h¼
H¼
h½
H½
h¾
H¾
h1
h¹
H1
H¹
h2
h²
H2
H²
h3
h³
H3
H³
h4
H4
h5
H5
h6
H6
h7
H7
h8
H8
h9
H9
ha
hA
Ha
HA
hª
Hª
há
hÁ
Há
HÁ
hà
hÀ
Hà
HÀ
hâ
hÂ
Hâ
HÂ
hä
hÄ
Hä
HÄ
hã
hÃ
Hã
HÃ
hå
hÅ
Hå
HÅ
hæ
hÆ
Hæ
HÆ
hb
hB
Hb
HB
hc
hC
Hc
HC
hç
hÇ
Hç
HÇ
hd
hD
Hd
HD
hð
hÐ
Hð
HÐ
he
hE
He
HE
hé
hÉ
Hé
HÉ
hè
hÈ
Hè
HÈ
hê
hÊ
Hê
HÊ
hë
hË
Hë
HË
hf
hF
Hf
HF
hƒ
Hƒ
hg
hG
Hg
HG
hh
hH
Hh
HH
hi
hI
Hi
HI
hí
hÍ
Hí
HÍ
hì
hÌ
Hì
HÌ
hî
hÎ
Hî
HÎ
hï
hÏ
Hï
HÏ
hj
hJ
Hj
HJ
hk
hK
Hk
HK
hl
hL
Hl
HL
hm
hM
Hm
HM
hn
hN
Hn
HN
hñ
hÑ
Hñ
HÑ
ho
hO
Ho
HO
hº
Hº
hó
hÓ
Hó
HÓ
hò
hÒ
Hò
HÒ
hô
hÔ
Hô
HÔ
hö
hÖ
Hö
HÖ
hõ
hÕ
Hõ
HÕ
hø
hØ
Hø
HØ
hœ
hŒ
Hœ
HŒ
hp
hP
Hp
HP
hq
hQ
Hq
HQ
hr
hR
Hr
HR
hs
hS
Hs
HS
hš
hŠ
Hš
HŠ
hß
Hß
ht
hT
Ht
HT
hþ
hÞ
Hþ
HÞ
h™
H™
hu
hU
Hu
HU
hú
hÚ
Hú
HÚ
hù
hÙ
Hù
HÙ
hû
hÛ
Hû
HÛ
hü
hÜ
Hü
HÜ
hv
hV
Hv
HV
hw
hW
Hw
HW
hx
hX
Hx
HX
hy
hY
Hy
HY
hý
hÝ
Hý
HÝ
hÿ
hŸ
Hÿ
HŸ
hz
hZ
Hz
HZ
hž
hŽ
Hž
HŽ
i
i'
i-
i–
i—
I
I'
I-
I–
I—
í
Í
ì
Ì
î
Î
ï
Ï
i 
I 
i 
I 
i!
I!
i"
I"
i#
I#
i$
I$
i%
I%
i&
I&
i(
I(
i)
I)
i*
I*
i,
I,
i.
I.
i/
I/
i:
I:
i;
I;
i?
I?
i@
I@
i[
I[
i\
I\
i]
I]
i^
I^
i_
I_
i`
I`
i{
I{
i|
I|
i}
I}
i~
I~
i¡
I¡
i¦
I¦
i¨
I¨
i¯
I¯
i´
I´
i¸
I¸
i¿
I¿
i˜
I˜
i‘
I‘
i’
I’
i‚
I‚
i“
I“
i”
I”
i„
I„
i‹
I‹
i›
I›
i¢
I¢
i£
I£
i¤
I¤
i¥
I¥
i€
I€
i+
I+
i<
I<
i=
I=
i>
I>
i±
I±
i«
I«
i»
I»
I×
I÷
i§
I§
i©
I©
i¬
I¬
i®
I®
i°
I°
iµ
Iµ
i¶
I¶
i·
I·
i…
I…
i†
I†
i‡
I‡
i•
I•
i‰
I‰
i
I
i
I
i
I
i
I
i
I
i0
I0
i¼
I¼
i½
I½
i¾
I¾
i1
i¹
I1
I¹
i2
i²
I2
I²
i3
i³
I3
I³
i4
I4
i5
I5
i6
I6
i7
I7
i8
I8
i9
I9
ia
iA
Ia
IA
iª
Iª
Iá
IÁ
iÀ
Ià
IÀ
Iâ
IÂ
Iä
IÄ
Iã
IÃ
Iå
IÅ
Iæ
IÆ
ib
iB
Ib
IB
ic
iC
Ic
IC
Iç
IÇ
id
iD
Id
ID
Ið
IÐ
ie
iE
Ie
IE
Ié
IÉ
Iè
IÈ
Iê
IÊ
Ië
IË
if
iF
If
IF
iƒ
Iƒ
ig
iG
Ig
IG
ih
iH
Ih
IH
ii
iI
Ii
II
Ií
IÍ
Iì
IÌ
Iî
IÎ
Iï
IÏ
ij
iJ
Ij
IJ
ik
iK
Ik
IK
il
iL
Il
IL
im
iM
Im
IM
in
iN
In
IN
Iñ
IÑ
io
iO
Io
IO
iº
Iº
Ió
IÓ
Iò
IÒ
Iô
IÔ
Iö
IÖ
Iõ
IÕ
Iø
IØ
iœ
iŒ
Iœ
IŒ
ip
iP
Ip
IP
iq
iQ
Iq
IQ
ir
iR
Ir
IR
is
iS
Is
IS
iš
iŠ
Iš
IŠ
Iß
it
iT
It
IT
Iþ
IÞ
i™
I™
iu
iU
Iu
IU
Iú
IÚ
Iù
IÙ
Iû
IÛ
Iü
IÜ
iv
iV
Iv
IV
iw
iW
Iw
IW
ix
iX
Ix
IX
iy
iY
Iy
IY
Iý
IÝ
iŸ
Iÿ
IŸ
iz
iZ
Iz
IZ
iž
iŽ
Iž
IŽ
j
J
J'
J-
J–
J—
J 
J 
J!
J"
J#
J$
J%
J&
J(
J)
J*
J,
J.
J/
J:
J;
J?
J@
J[
J\
J]
J^
J_
J`
J{
J|
J}
J~
J¡
J¦
J¨
J¯
J´
J¸
J¿
J˜
J‘
J’
J‚
J“
J”
J„
J‹
J›
J¢
J£
J¤
J¥
J€
J+
J<
J=
J>
J±
J«
J»
J×
J÷
J§
J©
J¬
J®
J°
Jµ
J¶
J·
J…
J†
J‡
J•
J‰
J
J
J
J
J
J0
J¼
J½
J¾
J1
J¹
J2
J²
J3
J³
J4
J5
J6
J7
J8
J9
Ja
JA
Jª
Já
JÁ
Jà
JÀ
Jâ
JÂ
Jä
JÄ
Jã
JÃ
Jå
JÅ
Jæ
JÆ
Jb
JB
Jc
JC
Jç
JÇ
Jd
JD
Jð
JÐ
Je
JE
Jé
JÉ
Jè
JÈ
Jê
JÊ
Jë
JË
Jf
JF
Jƒ
Jg
JG
Jh
JH
Ji
JI
Jí
JÍ
Jì
JÌ
Jî
JÎ
Jï
JÏ
Jj
JJ
Jk
JK
Jl
JL
Jm
JM
Jn
JN
Jñ
JÑ
Jo
JO
Jº
Jó
JÓ
Jò
JÒ
Jô
JÔ
Jö
JÖ
Jõ
JÕ
Jø
JØ
Jœ
JŒ
Jp
JP
Jq
JQ
Jr
JR
Js
JS
Jš
JŠ
Jß
Jt
JT
Jþ
JÞ
J™
Ju
JU
Jú
JÚ
Jù
JÙ
Jû
JÛ
Jü
JÜ
Jv
JV
Jw
JW
Jx
JX
Jy
JY
Jý
JÝ
Jÿ
JŸ
Jz
JZ
Jž
JŽ
k
K
K'
K-
K–
K—
K 
K 
K!
K"
K#
K$
K%
K&
K(
K)
K*
K,
K.
K/
K:
K;
K?
K@
K[
K\
K]
K^
K_
K`
K{
K|
K}
K~
K¡
K¦
K¨
K¯
K´
K¸
K¿
K˜
K‘
K’
K‚
K“
K”
K„
K‹
K›
K¢
K£
K¤
K¥
K€
K+
K<
K=
K>
K±
K«
K»
K×
K÷
K§
K©
K¬
K®
K°
Kµ
K¶
K·
K…
K†
K‡
K•
K‰
K
K
K
K
K
K0
K¼
K½
K¾
K1
K¹
K2
K²
K3
K³
K4
K5
K6
K7
K8
K9
Ka
KA
Kª
Ká
KÁ
Kà
KÀ
Kâ
KÂ
Kä
KÄ
Kã
KÃ
Kå
KÅ
Kæ
KÆ
Kb
KB
Kc
KC
Kç
KÇ
Kd
KD
Kð
KÐ
Ke
KE
Ké
KÉ
Kè
KÈ
Kê
KÊ
Kë
KË
Kf
KF
Kƒ
Kg
KG
Kh
KH
Ki
KI
Kí
KÍ
Kì
KÌ
Kî
KÎ
Kï
KÏ
Kj
KJ
Kk
KK
Kl
KL
Km
KM
Kn
KN
Kñ
KÑ
Ko
KO
Kº
Kó
KÓ
Kò
KÒ
Kô
KÔ
Kö
KÖ
Kõ
KÕ
Kø
KØ
Kœ
KŒ
Kp
KP
Kq
KQ
Kr
KR
Ks
KS
Kš
KŠ
Kß
Kt
KT
Kþ
KÞ
K™
Ku
KU
Kú
KÚ
Kù
KÙ
Kû
KÛ
Kü
KÜ
Kv
KV
Kw
KW
Kx
KX
Ky
KY
Ký
KÝ
Kÿ
KŸ
Kz
KZ
Kž
KŽ
l
L
L'
L-
L–
L—
L 
L 
L!
L"
L#
L$
L%
L&
L(
L)
L*
L,
L.
L/
L:
L;
L?
L@
L[
L\
L]
L^
L_
L`
L{
L|
L}
L~
L¡
L¦
L¨
L¯
L´
L¸
L¿
L˜
L‘
L’
L‚
L“
L”
L„
L‹
L›
L¢
L£
L¤
L¥
L€
L+
L<
L=
L>
L±
L«
L»
L×
L÷
L§
L©
L¬
L®
L°
Lµ
L¶
L·
L…
L†
L‡
L•
L‰
L
L
L
L
L
L0
L¼
L½
L¾
L1
L¹
L2
L²
L3
L³
L4
L5
L6
L7
L8
L9
La
LA
Lª
Lá
LÁ
Là
LÀ
Lâ
LÂ
Lä
LÄ
Lã
LÃ
Lå
LÅ
Læ
LÆ
Lb
LB
Lc
LC
Lç
LÇ
Ld
LD
Lð
LÐ
Le
LE
Lé
LÉ
Lè
LÈ
Lê
LÊ
Lë
LË
Lf
LF
Lƒ
Lg
LG
Lh
LH
Li
LI
Lí
LÍ
Lì
LÌ
Lî
LÎ
Lï
LÏ
Lj
LJ
Lk
LK
Ll
LL
Lm
LM
Ln
LN
Lñ
LÑ
Lo
LO
Lº
Ló
LÓ
Lò
LÒ
Lô
LÔ
Lö
LÖ
Lõ
LÕ
Lø
LØ
Lœ
LŒ
Lp
LP
Lq
LQ
Lr
LR
Ls
LS
Lš
LŠ
Lß
Lt
LT
Lþ
LÞ
L™
Lu
LU
Lú
LÚ
Lù
LÙ
Lû
LÛ
Lü
LÜ
Lv
LV
Lw
LW
Lx
LX
Ly
LY
Lý
LÝ
Lÿ
LŸ
Lz
LZ
Lž
LŽ
m
M
M'
M-
M–
M—
M 
M 
M!
M"
M#
M$
M%
M&
M(
M)
M*
M,
M.
M/
M:
M;
M?
M@
M[
M\
M]
M^
M_
M`
M{
M|
M}
M~
M¡
M¦
M¨
M¯
M´
M¸
M¿
M˜
M‘
M’
M‚
M“
M”
M„
M‹
M›
M¢
M£
M¤
M¥
M€
M+
M<
M=
M>
M±
M«
M»
M×
M÷
M§
M©
M¬
M®
M°
Mµ
M¶
M·
M…
M†
M‡
M•
M‰
M
M
M
M
M
M0
M¼
M½
M¾
M1
M¹
M2
M²
M3
M³
M4
M5
M6
M7
M8
M9
Ma
MA
Mª
Má
MÁ
Mà
MÀ
Mâ
MÂ
Mä
MÄ
Mã
MÃ
Må
MÅ
Mæ
MÆ
Mb
MB
Mc
MC
Mç
MÇ
Md
MD
Mð
MÐ
Me
ME
Mé
MÉ
Mè
MÈ
Mê
MÊ
Më
MË
Mf
MF
Mƒ
Mg
MG
Mh
MH
Mi
MI
Mí
MÍ
Mì
MÌ
Mî
MÎ
Mï
MÏ
Mj
MJ
Mk
MK
Ml
ML
Mm
MM
Mn
MN
Mñ
MÑ
Mo
MO
Mº
Mó
MÓ
Mò
MÒ
Mô
MÔ
Mö
MÖ
Mõ
MÕ
Mø
MØ
Mœ
MŒ
Mp
MP
Mq
MQ
Mr
MR
Ms
MS
Mš
MŠ
Mß
Mt
MT
Mþ
MÞ
M™
Mu
MU
Mú
MÚ
Mù
MÙ
Mû
MÛ
Mü
MÜ
Mv
MV
Mw
MW
Mx
MX
My
MY
Mý
MÝ
Mÿ
MŸ
Mz
MZ
Mž
MŽ
n
N
N'
N-
N–
N—
ñ
Ñ
N 
N 
N!
N"
N#
N$
N%
N&
N(
N)
N*
N,
N.
N/
N:
N;
N?
N@
N[
N\
N]
N^
N_
N`
N{
N|
N}
N~
N¡
N¦
N¨
N¯
N´
N¸
N¿
N˜
N‘
N’
N‚
N“
N”
N„
N‹
N›
N¢
N£
N¤
N¥
N€
N+
N<
N=
N>
N±
N«
N»
N×
N÷
N§
N©
N¬
N®
N°
Nµ
N¶
N·
N…
N†
N‡
N•
N‰
N
N
N
N
N
N0
N¼
N½
N¾
N1
N¹
N2
N²
N3
N³
N4
N5
N6
N7
N8
N9
Na
NA
Nª
Ná
NÁ
Nà
NÀ
Nâ
NÂ
Nä
NÄ
Nã
NÃ
Nå
NÅ
Næ
NÆ
Nb
NB
Nc
NC
Nç
NÇ
Nd
ND
Nð
NÐ
Ne
NE
Né
NÉ
Nè
NÈ
Nê
NÊ
Në
NË
Nf
NF
Nƒ
Ng
NG
Nh
NH
Ni
NI
Ní
NÍ
Nì
NÌ
Nî
NÎ
Nï
NÏ
Nj
NJ
Nk
NK
Nl
NL
Nm
NM
Nn
NN
Nñ
NÑ
No
NO
Nº
Nó
NÓ
Nò
NÒ
Nô
NÔ
Nö
NÖ
Nõ
NÕ
Nø
NØ
Nœ
NŒ
Np
NP
Nq
NQ
Nr
NR
Ns
NS
Nš
NŠ
Nß
Nt
NT
Nþ
NÞ
N™
Nu
NU
Nú
NÚ
Nù
NÙ
Nû
NÛ
Nü
NÜ
Nv
NV
Nw
NW
Nx
NX
Ny
NY
Ný
NÝ
Nÿ
NŸ
Nz
NZ
Nž
NŽ
o
O
O'
O-
O–
O—
º
ó
Ó
ò
Ò
ô
Ô
ö
Ö
õ
Õ
ø
Ø
O 
O 
O!
O"
O#
O$
O%
O&
O(
O)
O*
O,
O.
O/
O:
O;
O?
O@
O[
O\
O]
O^
O_
O`
O{
O|
O}
O~
O¡
O¦
O¨
O¯
O´
O¸
O¿
O˜
O‘
O’
O‚
O“
O”
O„
O‹
O›
O¢
O£
O¤
O¥
O€
O+
O<
O=
O>
O±
O«
O»
O×
O÷
O§
O©
O¬
O®
O°
Oµ
O¶
O·
O…
O†
O‡
O•
O‰
O
O
O
O
O
O0
O¼
O½
O¾
O1
O¹
O2
O²
O3
O³
O4
O5
O6
O7
O8
O9
Oa
OA
Oª
Oá
OÁ
Oà
OÀ
Oâ
OÂ
Oä
OÄ
Oã
OÃ
Oå
OÅ
Oæ
OÆ
Ob
OB
Oc
OC
Oç
OÇ
Od
OD
Oð
OÐ
œ
Oe
Œ
Oé
OÉ
Oè
OÈ
Oê
OÊ
Oë
OË
Of
OF
Oƒ
Og
OG
Oh
OH
Oi
OI
Oí
OÍ
Oì
OÌ
Oî
OÎ
Oï
OÏ
Oj
OJ
Ok
OK
Ol
OL
Om
OM
On
ON
Oñ
OÑ
Oo
OO
Oº
Oó
OÓ
Oò
OÒ
Oô
OÔ
Oö
OÖ
Oõ
OÕ
Oø
OØ
Oœ
OŒ
Op
OP
Oq
OQ
Or
OR
Os
OS
Oš
OŠ
Oß
Ot
OT
Oþ
OÞ
O™
Ou
OU
Oú
OÚ
Où
OÙ
Oû
OÛ
Oü
OÜ
Ov
OV
Ow
OW
Ox
OX
Oy
OY
Oý
OÝ
Oÿ
OŸ
Oz
OZ
Ož
OŽ
p
P
P'
P-
P–
P—
P 
P 
P!
P"
P#
P$
P%
P&
P(
P)
P*
P,
P.
P/
P:
P;
P?
P@
P[
P\
P]
P^
P_
P`
P{
P|
P}
P~
P¡
P¦
P¨
P¯
P´
P¸
P¿
P˜
P‘
P’
P‚
P“
P”
P„
P‹
P›
P¢
P£
P¤
P¥
P€
P+
P<
P=
P>
P±
P«
P»
P×
P÷
P§
P©
P¬
P®
P°
Pµ
P¶
P·
P…
P†
P‡
P•
P‰
P
P
P
P
P
P0
P¼
P½
P¾
P1
P¹
P2
P²
P3
P³
P4
P5
P6
P7
P8
P9
Pa
PA
Pª
Pá
PÁ
Pà
PÀ
Pâ
PÂ
Pä
PÄ
Pã
PÃ
På
PÅ
Pæ
PÆ
Pb
PB
Pc
PC
Pç
PÇ
Pd
PD
Pð
PÐ
Pe
PE
Pé
PÉ
Pè
PÈ
Pê
PÊ
Pë
PË
Pf
PF
Pƒ
Pg
PG
Ph
PH
Pi
PI
Pí
PÍ
Pì
PÌ
Pî
PÎ
Pï
PÏ
Pj
PJ
Pk
PK
Pl
PL
Pm
PM
Pn
PN
Pñ
PÑ
Po
PO
Pº
Pó
PÓ
Pò
PÒ
Pô
PÔ
Pö
PÖ
Põ
PÕ
Pø
PØ
Pœ
PŒ
Pp
PP
Pq
PQ
Pr
PR
Ps
PS
Pš
PŠ
Pß
Pt
PT
Pþ
PÞ
P™
Pu
PU
Pú
PÚ
Pù
PÙ
Pû
PÛ
Pü
PÜ
Pv
PV
Pw
PW
Px
PX
Py
PY
Pý
PÝ
Pÿ
PŸ
Pz
PZ
Pž
PŽ
q
Q
Q'
Q-
Q–
Q—
Q 
Q 
Q!
Q"
Q#
Q$
Q%
Q&
Q(
Q)
Q*
Q,
Q.
Q/
Q:
Q;
Q?
Q@
Q[
Q\
Q]
Q^
Q_
Q`
Q{
Q|
Q}
Q~
Q¡
Q¦
Q¨
Q¯
Q´
Q¸
Q¿
Q˜
Q‘
Q’
Q‚
Q“
Q”
Q„
Q‹
Q›
Q¢
Q£
Q¤
Q¥
Q€
Q+
Q<
Q=
Q>
Q±
Q«
Q»
Q×
Q÷
Q§
Q©
Q¬
Q®
Q°
Qµ
Q¶
Q·
Q…
Q†
Q‡
Q•
Q‰
Q
Q
Q
Q
Q
Q0
Q¼
Q½
Q¾
Q1
Q¹
Q2
Q²
Q3
Q³
Q4
Q5
Q6
Q7
Q8
Q9
Qa
QA
Qª
Qá
QÁ
Qà
QÀ
Qâ
QÂ
Qä
QÄ
Qã
QÃ
Qå
QÅ
Qæ
QÆ
Qb
QB
Qc
QC
Qç
QÇ
Qd
QD
Qð
QÐ
Qe
QE
Qé
QÉ
Qè
QÈ
Qê
QÊ
Që
QË
Qf
QF
Qƒ
Qg
QG
Qh
QH
Qi
QI
Qí
QÍ
Qì
QÌ
Qî
QÎ
Qï
QÏ
Qj
QJ
Qk
QK
Ql
QL
Qm
QM
Qn
QN
Qñ
QÑ
Qo
QO
Qº
Qó
QÓ
Qò
QÒ
Qô
QÔ
Qö
QÖ
Qõ
QÕ
Qø
QØ
Qœ
QŒ
Qp
QP
Qq
QQ
Qr
QR
Qs
QS
Qš
QŠ
Qß
Qt
QT
Qþ
QÞ
Q™
Qu
QU
Qú
QÚ
Qù
QÙ
Qû
QÛ
Qü
QÜ
Qv
QV
Qw
QW
Qx
QX
Qy
QY
Qý
QÝ
Qÿ
QŸ
Qz
QZ
Qž
QŽ
r
R
R'
R-
R–
R—
R 
R 
R!
R"
R#
R$
R%
R&
R(
R)
R*
R,
R.
R/
R:
R;
R?
R@
R[
R\
R]
R^
R_
R`
R{
R|
R}
R~
R¡
R¦
R¨
R¯
R´
R¸
R¿
R˜
R‘
R’
R‚
R“
R”
R„
R‹
R›
R¢
R£
R¤
R¥
R€
R+
R<
R=
R>
R±
R«
R»
R×
R÷
R§
R©
R¬
R®
R°
Rµ
R¶
R·
R…
R†
R‡
R•
R‰
R
R
R
R
R
R0
R¼
R½
R¾
R1
R¹
R2
R²
R3
R³
R4
R5
R6
R7
R8
R9
Ra
RA
Rª
Rá
RÁ
Rà
RÀ
Râ
RÂ
Rä
RÄ
Rã
RÃ
Rå
RÅ
Ræ
RÆ
Rb
RB
Rc
RC
Rç
RÇ
Rd
RD
Rð
RÐ
Re
RE
Ré
RÉ
Rè
RÈ
Rê
RÊ
Rë
RË
Rf
RF
Rƒ
Rg
RG
Rh
RH
Ri
RI
Rí
RÍ
Rì
RÌ
Rî
RÎ
Rï
RÏ
Rj
RJ
Rk
RK
Rl
RL
Rm
RM
Rn
RN
Rñ
RÑ
Ro
RO
Rº
Ró
RÓ
Rò
RÒ
Rô
RÔ
Rö
RÖ
Rõ
RÕ
Rø
RØ
Rœ
RŒ
Rp
RP
Rq
RQ
Rr
RR
Rs
RS
Rš
RŠ
Rß
Rt
RT
Rþ
RÞ
R™
Ru
RU
Rú
RÚ
Rù
RÙ
Rû
RÛ
Rü
RÜ
Rv
RV
Rw
RW
Rx
RX
Ry
RY
Rý
RÝ
Rÿ
RŸ
Rz
RZ
Rž
RŽ
s
S
S'
S-
S–
S—
š
Š
S 
S 
S!
S"
S#
S$
S%
S&
S(
S)
S*
S,
S.
S/
S:
S;
S?
S@
S[
S\
S]
S^
S_
S`
S{
S|
S}
S~
S¡
S¦
S¨
S¯
S´
S¸
S¿
S˜
S‘
S’
S‚
S“
S”
S„
S‹
S›
S¢
S£
S¤
S¥
S€
S+
S<
S=
S>
S±
S«
S»
S×
S÷
S§
S©
S¬
S®
S°
Sµ
S¶
S·
S…
S†
S‡
S•
S‰
S
S
S
S
S
S0
S¼
S½
S¾
S1
S¹
S2
S²
S3
S³
S4
S5
S6
S7
S8
S9
Sa
SA
Sª
Sá
SÁ
Sà
SÀ
Sâ
SÂ
Sä
SÄ
Sã
SÃ
Så
SÅ
Sæ
SÆ
Sb
SB
Sc
SC
Sç
SÇ
Sd
SD
Sð
SÐ
Se
SE
Sé
SÉ
Sè
SÈ
Sê
SÊ
Së
SË
Sf
SF
Sƒ
Sg
SG
Sh
SH
Si
SI
Sí
SÍ
Sì
SÌ
Sî
SÎ
Sï
SÏ
Sj
SJ
Sk
SK
Sl
SL
Sm
SM
Sn
SN
Sñ
SÑ
So
SO
Sº
Só
SÓ
Sò
SÒ
Sô
SÔ
Sö
SÖ
Sõ
SÕ
Sø
SØ
Sœ
SŒ
Sp
SP
Sq
SQ
Sr
SR
ß
Ss
SS
Sš
SŠ
Sß
St
ST
Sþ
SÞ
S™
Su
SU
Sú
SÚ
Sù
SÙ
Sû
SÛ
Sü
SÜ
Sv
SV
Sw
SW
Sx
SX
Sy
SY
Sý
SÝ
Sÿ
SŸ
Sz
SZ
Sž
SŽ
t
T
T'
T-
T–
T—
T 
T 
T!
T"
T#
T$
T%
T&
T(
T)
T*
T,
T.
T/
T:
T;
T?
T@
T[
T\
T]
T^
T_
T`
T{
T|
T}
T~
T¡
T¦
T¨
T¯
T´
T¸
T¿
T˜
T‘
T’
T‚
T“
T”
T„
T‹
T›
T¢
T£
T¤
T¥
T€
T+
T<
T=
T>
T±
T«
T»
T×
T÷
T§
T©
T¬
T®
T°
Tµ
T¶
T·
T…
T†
T‡
T•
T‰
T
T
T
T
T
T0
T¼
T½
T¾
T1
T¹
T2
T²
T3
T³
T4
T5
T6
T7
T8
T9
Ta
TA
Tª
Tá
TÁ
Tà
TÀ
Tâ
TÂ
Tä
TÄ
Tã
TÃ
Tå
TÅ
Tæ
TÆ
Tb
TB
Tc
TC
Tç
TÇ
Td
TD
Tð
TÐ
Te
TE
Té
TÉ
Tè
TÈ
Tê
TÊ
Të
TË
Tf
TF
Tƒ
Tg
TG
þ
Th
Þ
Ti
TI
Tí
TÍ
Tì
TÌ
Tî
TÎ
Tï
TÏ
Tj
TJ
Tk
TK
Tl
TL
Tm
TM
Tn
TN
Tñ
TÑ
To
TO
Tº
Tó
TÓ
Tò
TÒ
Tô
TÔ
Tö
TÖ
Tõ
TÕ
Tø
TØ
Tœ
TŒ
Tp
TP
Tq
TQ
Tr
TR
Ts
TS
Tš
TŠ
Tß
Tt
TT
Tþ
TÞ
T™
Tu
TU
Tú
TÚ
Tù
TÙ
Tû
TÛ
Tü
TÜ
Tv
TV
Tw
TW
Tx
TX
Ty
TY
Tý
TÝ
Tÿ
TŸ
Tz
TZ
Tž
TŽ
™
u
U
U'
U-
U–
U—
ú
Ú
ù
Ù
û
Û
ü
Ü
U 
U 
U!
U"
U#
U$
U%
U&
U(
U)
U*
U,
U.
U/
U:
U;
U?
U@
U[
U\
U]
U^
U_
U`
U{
U|
U}
U~
U¡
U¦
U¨
U¯
U´
U¸
U¿
U˜
U‘
U’
U‚
U“
U”
U„
U‹
U›
U¢
U£
U¤
U¥
U€
U+
U<
U=
U>
U±
U«
U»
U×
U÷
U§
U©
U¬
U®
U°
Uµ
U¶
U·
U…
U†
U‡
U•
U‰
U
U
U
U
U
U0
U¼
U½
U¾
U1
U¹
U2
U²
U3
U³
U4
U5
U6
U7
U8
U9
Ua
UA
Uª
Uá
UÁ
Uà
UÀ
Uâ
UÂ
Uä
UÄ
Uã
UÃ
Uå
UÅ
Uæ
UÆ
Ub
UB
Uc
UC
Uç
UÇ
Ud
UD
Uð
UÐ
Ue
UE
Ué
UÉ
Uè
UÈ
Uê
UÊ
Uë
UË
Uf
UF
Uƒ
Ug
UG
Uh
UH
Ui
UI
Uí
UÍ
Uì
UÌ
Uî
UÎ
Uï
UÏ
Uj
UJ
Uk
UK
Ul
UL
Um
UM
Un
UN
Uñ
UÑ
Uo
UO
Uº
Uó
UÓ
Uò
UÒ
Uô
UÔ
Uö
UÖ
Uõ
UÕ
Uø
UØ
Uœ
UŒ
Up
UP
Uq
UQ
Ur
UR
Us
US
Uš
UŠ
Uß
Ut
UT
Uþ
UÞ
U™
Uu
UU
Uú
UÚ
Uù
UÙ
Uû
UÛ
Uü
UÜ
Uv
UV
Uw
UW
Ux
UX
Uy
UY
Uý
UÝ
Uÿ
UŸ
Uz
UZ
Už
UŽ
v
V
V'
V-
V–
V—
V 
V 
V!
V"
V#
V$
V%
V&
V(
V)
V*
V,
V.
V/
V:
V;
V?
V@
V[
V\
V]
V^
V_
V`
V{
V|
V}
V~
V¡
V¦
V¨
V¯
V´
V¸
V¿
V˜
V‘
V’
V‚
V“
V”
V„
V‹
V›
V¢
V£
V¤
V¥
V€
V+
V<
V=
V>
V±
V«
V»
V×
V÷
V§
V©
V¬
V®
V°
Vµ
V¶
V·
V…
V†
V‡
V•
V‰
V
V
V
V
V
V0
V¼
V½
V¾
V1
V¹
V2
V²
V3
V³
V4
V5
V6
V7
V8
V9
Va
VA
Vª
Vá
VÁ
Và
VÀ
Vâ
VÂ
Vä
VÄ
Vã
VÃ
Vå
VÅ
Væ
VÆ
Vb
VB
Vc
VC
Vç
VÇ
Vd
VD
Vð
VÐ
Ve
VE
Vé
VÉ
Vè
VÈ
Vê
VÊ
Vë
VË
Vf
VF
Vƒ
Vg
VG
Vh
VH
Vi
VI
Ví
VÍ
Vì
VÌ
Vî
VÎ
Vï
VÏ
Vj
VJ
Vk
VK
Vl
VL
Vm
VM
Vn
VN
Vñ
VÑ
Vo
VO
Vº
Vó
VÓ
Vò
VÒ
Vô
VÔ
Vö
VÖ
Võ
VÕ
Vø
VØ
Vœ
VŒ
Vp
VP
Vq
VQ
Vr
VR
Vs
VS
Vš
VŠ
Vß
Vt
VT
Vþ
VÞ
V™
Vu
VU
Vú
VÚ
Vù
VÙ
Vû
VÛ
Vü
VÜ
Vv
VV
Vw
VW
Vx
VX
Vy
VY
Vý
VÝ
Vÿ
VŸ
Vz
VZ
Vž
VŽ
w
W
W'
W-
W–
W—
W 
W 
W!
W"
W#
W$
W%
W&
W(
W)
W*
W,
W.
W/
W:
W;
W?
W@
W[
W\
W]
W^
W_
W`
W{
W|
W}
W~
W¡
W¦
W¨
W¯
W´
W¸
W¿
W˜
W‘
W’
W‚
W“
W”
W„
W‹
W›
W¢
W£
W¤
W¥
W€
W+
W<
W=
W>
W±
W«
W»
W×
W÷
W§
W©
W¬
W®
W°
Wµ
W¶
W·
W…
W†
W‡
W•
W‰
W
W
W
W
W
W0
W¼
W½
W¾
W1
W¹
W2
W²
W3
W³
W4
W5
W6
W7
W8
W9
Wa
WA
Wª
Wá
WÁ
Wà
WÀ
Wâ
WÂ
Wä
WÄ
Wã
WÃ
Wå
WÅ
Wæ
WÆ
Wb
WB
Wc
WC
Wç
WÇ
Wd
WD
Wð
WÐ
We
WE
Wé
WÉ
Wè
WÈ
Wê
WÊ
Wë
WË
Wf
WF
Wƒ
Wg
WG
Wh
WH
Wi
WI
Wí
WÍ
Wì
WÌ
Wî
WÎ
Wï
WÏ
Wj
WJ
Wk
WK
Wl
WL
Wm
WM
Wn
WN
Wñ
WÑ
Wo
WO
Wº
Wó
WÓ
Wò
WÒ
Wô
WÔ
Wö
WÖ
Wõ
WÕ
Wø
WØ
Wœ
WŒ
Wp
WP
Wq
WQ
Wr
WR
Ws
WS
Wš
WŠ
Wß
Wt
WT
Wþ
WÞ
W™
Wu
WU
Wú
WÚ
Wù
WÙ
Wû
WÛ
Wü
WÜ
Wv
WV
Ww
WW
Wx
WX
Wy
WY
Wý
WÝ
Wÿ
WŸ
Wz
WZ
Wž
WŽ
x
X
X'
X-
X–
X—
X 
X 
X!
X"
X#
X$
X%
X&
X(
X)
X*
X,
X.
X/
X:
X;
X?
X@
X[
X\
X]
X^
X_
X`
X{
X|
X}
X~
X¡
X¦
X¨
X¯
X´
X¸
X¿
X˜
X‘
X’
X‚
X“
X”
X„
X‹
X›
X¢
X£
X¤
X¥
X€
X+
X<
X=
X>
X±
X«
X»
X×
X÷
X§
X©
X¬
X®
X°
Xµ
X¶
X·
X…
X†
X‡
X•
X‰
X
X
X
X
X
X0
X¼
X½
X¾
X1
X¹
X2
X²
X3
X³
X4
X5
X6
X7
X8
X9
Xa
XA
Xª
Xá
XÁ
Xà
XÀ
Xâ
XÂ
Xä
XÄ
Xã
XÃ
Xå
XÅ
Xæ
XÆ
Xb
XB
Xc
XC
Xç
XÇ
Xd
XD
Xð
XÐ
Xe
XE
Xé
XÉ
Xè
XÈ
Xê
XÊ
Xë
XË
Xf
XF
Xƒ
Xg
XG
Xh
XH
Xi
XI
Xí
XÍ
Xì
XÌ
Xî
XÎ
Xï
XÏ
Xj
XJ
Xk
XK
Xl
XL
Xm
XM
Xn
XN
Xñ
XÑ
Xo
XO
Xº
Xó
XÓ
Xò
XÒ
Xô
XÔ
Xö
XÖ
Xõ
XÕ
Xø
XØ
Xœ
XŒ
Xp
XP
Xq
XQ
Xr
XR
Xs
XS
Xš
XŠ
Xß
Xt
XT
Xþ
XÞ
X™
Xu
XU
Xú
XÚ
Xù
XÙ
Xû
XÛ
Xü
XÜ
Xv
XV
Xw
XW
Xx
XX
Xy
XY
Xý
XÝ
Xÿ
XŸ
Xz
XZ
Xž
XŽ
y
Y
Y'
Y-
Y–
Y—
ý
Ý
ÿ
Ÿ
Y 
Y 
Y!
Y"
Y#
Y$
Y%
Y&
Y(
Y)
Y*
Y,
Y.
Y/
Y:
Y;
Y?
Y@
Y[
Y\
Y]
Y^
Y_
Y`
Y{
Y|
Y}
Y~
Y¡
Y¦
Y¨
Y¯
Y´
Y¸
Y¿
Y˜
Y‘
Y’
Y‚
Y“
Y”
Y„
Y‹
Y›
Y¢
Y£
Y¤
Y¥
Y€
Y+
Y<
Y=
Y>
Y±
Y«
Y»
Y×
Y÷
Y§
Y©
Y¬
Y®
Y°
Yµ
Y¶
Y·
Y…
Y†
Y‡
Y•
Y‰
Y
Y
Y
Y
Y
Y0
Y¼
Y½
Y¾
Y1
Y¹
Y2
Y²
Y3
Y³
Y4
Y5
Y6
Y7
Y8
Y9
Ya
YA
Yª
Yá
YÁ
Yà
YÀ
Yâ
YÂ
Yä
YÄ
Yã
YÃ
Yå
YÅ
Yæ
YÆ
Yb
YB
Yc
YC
Yç
YÇ
Yd
YD
Yð
YÐ
Ye
YE
Yé
YÉ
Yè
YÈ
Yê
YÊ
Yë
YË
Yf
YF
Yƒ
Yg
YG
Yh
YH
Yi
YI
Yí
YÍ
Yì
YÌ
Yî
YÎ
Yï
YÏ
Yj
YJ
Yk
YK
Yl
YL
Ym
YM
Yn
YN
Yñ
YÑ
Yo
YO
Yº
Yó
YÓ
Yò
YÒ
Yô
YÔ
Yö
YÖ
Yõ
YÕ
Yø
YØ
Yœ
YŒ
Yp
YP
Yq
YQ
Yr
YR
Ys
YS
Yš
YŠ
Yß
Yt
YT
Yþ
YÞ
Y™
Yu
YU
Yú
YÚ
Yù
YÙ
Yû
YÛ
Yü
YÜ
Yv
YV
Yw
YW
Yx
YX
Yy
YY
Yý
YÝ
Yÿ
YŸ
Yz
YZ
Yž
YŽ
z
Z
Z'
Z-
Z–
Z—
ž
Ž
Z 
Z 
Z!
Z"
Z#
Z$
Z%
Z&
Z(
Z)
Z*
Z,
Z.
Z/
Z:
Z;
Z?
Z@
Z[
Z\
Z]
Z^
Z_
Z`
Z{
Z|
Z}
Z~
Z¡
Z¦
Z¨
Z¯
Z´
Z¸
Z¿
Z˜
Z‘
Z’
Z‚
Z“
Z”
Z„
Z‹
Z›
Z¢
Z£
Z¤
Z¥
Z€
Z+
Z<
Z=
Z>
Z±
Z«
Z»
Z×
Z÷
Z§
Z©
Z¬
Z®
Z°
Zµ
Z¶
Z·
Z…
Z†
Z‡
Z•
Z‰
Z
Z
Z
Z
Z
Z0
Z¼
Z½
Z¾
Z1
Z¹
Z2
Z²
Z3
Z³
Z4
Z5
Z6
Z7
Z8
Z9
Za
ZA
Zª
Zá
ZÁ
Zà
ZÀ
Zâ
ZÂ
Zä
ZÄ
Zã
ZÃ
Zå
ZÅ
Zæ
ZÆ
Zb
ZB
Zc
ZC
Zç
ZÇ
Zd
ZD
Zð
ZÐ
Ze
ZE
Zé
ZÉ
Zè
ZÈ
Zê
ZÊ
Zë
ZË
Zf
ZF
Zƒ
Zg
ZG
Zh
ZH
Zi
ZI
Zí
ZÍ
Zì
ZÌ
Zî
ZÎ
Zï
ZÏ
Zj
ZJ
Zk
ZK
Zl
ZL
Zm
ZM
Zn
ZN
Zñ
ZÑ
Zo
ZO
Zº
Zó
ZÓ
Zò
ZÒ
Zô
ZÔ
Zö
ZÖ
Zõ
ZÕ
Zø
ZØ
Zœ
ZŒ
Zp
ZP
Zq
ZQ
Zr
ZR
Zs
ZS
Zš
ZŠ
Zß
Zt
ZT
Zþ
ZÞ
Z™
Zu
ZU
Zú
ZÚ
Zù
ZÙ
Zû
ZÛ
Zü
ZÜ
Zv
ZV
Zw
ZW
Zx
ZX
Zy
ZY
Zý
ZÝ
Zÿ
ZŸ
Zz
ZZ
Zž
ZŽ
